移除的衍生内容详情
================================================================================

序号= 16 | appid= 4745180 | 阿西, 美女室友竟然...？2 : 冬日之旅 DLC
  原因: 名称匹配: DLC (名称: 阿西, 美女室友竟然...？2 : 冬日之旅 DLC)

序号= 17 | appid= 4742160 | 盛世天下：女帝篇花絮拓展包
  原因: 名称匹配: 拓展包 (名称: 盛世天下：女帝篇花絮拓展包)

序号= 26 | appid= 4584740 | DIY AI Perfect Girlfriend - DLC female assassin
  原因: 名称匹配: DLC (名称: DIY AI Perfect Girlfriend - DLC female assassin)

序号= 29 | appid= 4572810 | My Kirin kidney and my beloved teachers - DLC The Chosen Container of the Ancient Gods
  原因: 名称匹配: DLC (名称: My Kirin kidney and my beloved teachers - DLC The Chosen Container of the Ancient Gods)

序号= 33 | appid= 4511180 | Unforgettable Love - Wallpaper Pack
  原因: 名称匹配: 壁纸包 (名称: Unforgettable Love - Wallpaper Pack)

序号= 34 | appid= 4511170 | Unforgettable Love - Photobook
  原因: 名称匹配: 写真集 (名称: Unforgettable Love - Photobook)

序号= 41 | appid= 4416280 | 夏日美女：欧巴请和我恋爱吧！ Photobook
  原因: 名称匹配: 写真集 (名称: 夏日美女：欧巴请和我恋爱吧！ Photobook)

序号= 48 | appid= 4324890 | Rebirth of Legal maniac 2 - DLC King of Digital Black Gold
  原因: 名称匹配: DLC (名称: Rebirth of Legal maniac 2 - DLC King of Digital Black Gold)

序号= 49 | appid= 4306710 | 灭寇1939:上川往事-额外壁纸相框资源包
  原因: API验证: type=dlc (API名称: PatriotMemoirs-Digital upgraded version)

序号= 50 | appid= 4306700 | 灭寇1939:上川往事 4K版
  原因: API验证: type=dlc (API名称: PatriotMemoirs 4K)

序号= 51 | appid= 4293500 | Rebirth of Legal maniac 2 - DLC The Bloodstained Academy of Organ "Donation"
  原因: 名称匹配: DLC (名称: Rebirth of Legal maniac 2 - DLC The Bloodstained Academy of Organ "Donation")

序号= 52 | appid= 4293240 | Rebirth of Legal maniac 2 - DLC Transforms the Workplace
  原因: 名称匹配: DLC (名称: Rebirth of Legal maniac 2 - DLC Transforms the Workplace)

序号= 54 | appid= 4292900 | My Kirin kidney and my beloved teachers 2 - DLC
  原因: 名称匹配: DLC (名称: My Kirin kidney and my beloved teachers 2 - DLC)

序号= 58 | appid= 4267430 | 情感反诈模拟器 - 局部不够4K的4K包
  原因: 名称匹配: 4K资源包 (名称: 情感反诈模拟器 - 局部不够4K的4K包)

序号= 66 | appid= 4223320 | 恋爱吗？我家猫会后空翻 - 4K资产包
  原因: 名称匹配: 4K资产包 (名称: 恋爱吗？我家猫会后空翻 - 4K资产包)

序号= 77 | appid= 4175940 | Dreams And Desires 8K
  原因: 名称匹配: 8K版 (名称: Dreams And Desires 8K)

序号= 80 | appid= 4161480 | 你好！我们还有场恋爱没谈-番外篇
  原因: 名称匹配: 番外篇 (名称: 你好！我们还有场恋爱没谈-番外篇)

序号= 81 | appid= 4158630 | 我的机器人女友 -〖初一：红妆〗 - 服装和剧情拓展
  原因: 名称匹配: 服装和剧情拓展 (名称: 我的机器人女友 -〖初一：红妆〗 - 服装和剧情拓展)

序号= 83 | appid= 4144880 | 失恋玩家 - 2K高清视频 资源包
  原因: 名称匹配: 2K高清包 (名称: 失恋玩家 - 2K高清视频 资源包)

序号= 91 | appid= 4104130 | 对不起，我是警察 试用版
  原因: 名称匹配: 试用版 (名称: 对不起，我是警察 试用版)

序号= 93 | appid= 4095640 | 打不过：高清主题PV+高清人物写真
  原因: 名称匹配: 写真集 (名称: 打不过：高清主题PV+高清人物写真)

序号= 95 | appid= 4074380 | 导演，请多多指教 - 超清版
  原因: 名称匹配: 超清版 (名称: 导演，请多多指教 - 超清版)

序号=102 | appid= 4054090 | 阿西, 美女室友竟然...？2 Photobook
  原因: 名称匹配: 写真集 (名称: 阿西, 美女室友竟然...？2 Photobook)

序号=103 | appid= 4051390 | 炽澜号沉浸电影画面风格包
  原因: 名称匹配: 画面风格包 (名称: 炽澜号沉浸电影画面风格包)

序号=105 | appid= 4039780 | 这个CEO我当定了！ - 精品剧照集
  原因: 名称匹配: 剧照集 (名称: 这个CEO我当定了！ - 精品剧照集)

序号=111 | appid= 3987580 | 盛夏离与合 试用版
  原因: 名称匹配: 试用版 (名称: 盛夏离与合 试用版)

序号=114 | appid= 3972390 | 盛世天下：道具及花絮拓展包
  原因: 名称匹配: 拓展包 (名称: 盛世天下：道具及花絮拓展包)

序号=122 | appid= 3901980 | 炽澜号 试玩版
  原因: 名称匹配: 试玩版 (名称: 炽澜号 试玩版)

序号=128 | appid= 3868110 | 有这么一个家伙 - 4K 版
  原因: 名称匹配: 4K版 (名称: 有这么一个家伙 - 4K 版)

序号=130 | appid= 3857670 | 命运游戏3：额外壁纸相框资源包
  原因: 名称匹配: 资源包 (名称: 命运游戏3：额外壁纸相框资源包)

序号=136 | appid= 3828820 | Don't Stop, Girlypop! Lite
  原因: API验证: type=demo (API名称: Don't Stop, Girlypop! Lite)

序号=138 | appid= 3823920 | Simon the Sorcerer Origins - History Artbook
  原因: API验证: type=dlc (API名称: Simon the Sorcerer Origins - History Artbook)

序号=140 | appid= 3814100 | 完蛋！我被美女包围了！2-2K视频
  原因: 名称匹配: 2K视频 (名称: 完蛋！我被美女包围了！2-2K视频)

序号=149 | appid= 3725940 | 命运游戏3：王者棋局-4K版
  原因: 名称匹配: 4K版 (名称: 命运游戏3：王者棋局-4K版)

序号=151 | appid= 3712450 | 冰点之下 试玩版
  原因: 名称匹配: 试玩版 (名称: 冰点之下 试玩版)

序号=156 | appid= 3701000 | 美女，请别影响我成仙-2K
  原因: 名称匹配: 2K版 (名称: 美女，请别影响我成仙-2K)

序号=160 | appid= 3668590 | 月亮三部曲 - 初缘 (Trilogy of the Moon DLC)
  原因: API验证: type=dlc (API名称: Trilogy of the Moon - The First Fate)

序号=184 | appid= 3489690 | 杠精的108种死法 - 高清剧照
  原因: 名称匹配: 高清剧照 (名称: 杠精的108种死法 - 高清剧照)

序号=186 | appid= 3480210 | 月亮三部曲 (Trilogy of the Moon)
  原因: API验证: type=demo (API名称: Trilogy of the Moon Demo)

序号=230 | appid= 3241590 | 命运游戏2：百年之约-4K版
  原因: 名称匹配: 4K版 (名称: 命运游戏2：百年之约-4K版)

序号=233 | appid= 3232020 | 开局五个亿 - 2K高清扩展包
  原因: 名称匹配: 2K高清包 (名称: 开局五个亿 - 2K高清扩展包)

序号=237 | appid= 3196490 | 命运游戏：逆时寻凶-4K版
  原因: 名称匹配: 4K版 (名称: 命运游戏：逆时寻凶-4K版)

序号=249 | appid= 3100360 | 完蛋！我被美女包围了！前传 试用版
  原因: 名称匹配: 试用版 (名称: 完蛋！我被美女包围了！前传 试用版)

序号=253 | appid= 3064280 | 被勒索的主播 试玩版
  原因: 名称匹配: 试玩版 (名称: 被勒索的主播 试玩版)

序号=254 | appid= 3050620 | 总裁你想和谁谈恋爱-视频花絮集
  原因: 名称匹配: 视频花絮集 (名称: 总裁你想和谁谈恋爱-视频花絮集)

序号=255 | appid= 3050610 | 总裁你想和谁谈恋爱-精品剧照集
  原因: 名称匹配: 剧照集 (名称: 总裁你想和谁谈恋爱-精品剧照集)

序号=257 | appid= 3047010 | 总裁你想和谁谈恋爱-原声音乐MV
  原因: 名称匹配: 原声音乐MV (名称: 总裁你想和谁谈恋爱-原声音乐MV)

序号=272 | appid= 2937030 | 甜心AI追捕计划 - 画质增强4K扩展包
  原因: 名称匹配: 画质增强扩展包 (名称: 甜心AI追捕计划 - 画质增强4K扩展包)

序号=280 | appid= 2901510 | 我和七个俏房客 - 心动影集
  原因: 名称匹配: 影集 (名称: 我和七个俏房客 - 心动影集)

序号=292 | appid= 2844740 | Love Too Easily - Behind the Scenes DLC
  原因: 名称匹配: DLC (名称: Love Too Easily - Behind the Scenes DLC)

序号=302 | appid= 2802560 | 完蛋！我被美女包围了！-房间里的心跳VR花絮
  原因: 名称匹配: VR花絮 (名称: 完蛋！我被美女包围了！-房间里的心跳VR花絮)

序号=307 | appid= 2774960 | 我和七个俏房客
  原因: API验证: type=demo (API名称: Seven Lovers In The House)

序号=328 | appid= 2690730 | TELEFORUM - Supporter Pack
  原因: 名称匹配: 支持者包 (名称: TELEFORUM - Supporter Pack)

序号=331 | appid= 2677810 | Simon the Sorcerer Origins - "PONY" DLC
  原因: API验证: type=dlc (API名称: Simon the Sorcerer Origins - "PONY" DLC)

序号=352 | appid= 2325870 | 完蛋！我被美女包围了！ 试用版
  原因: 名称匹配: 试用版 (名称: 完蛋！我被美女包围了！ 试用版)

序号=354 | appid= 2303602 | Not For Broadcast Season Pass
  原因: API验证: type=dlc (API名称: Not For Broadcast Season Pass)

序号=355 | appid= 2303601 | Not For Broadcast: The Timeloop
  原因: API验证: type=dlc (API名称: Not For Broadcast: The Timeloop)

序号=356 | appid= 2303600 | Not For Broadcast: Bits of Your Life
  原因: API验证: type=dlc (API名称: Not For Broadcast: Bits of Your Life)

序号=360 | appid= 2257770 | Not For Broadcast VR
  原因: Not For Broadcast 系列衍生内容 (主游戏appid=1147550)

序号=362 | appid= 2199310 | Not For Broadcast: Live & Spooky
  原因: API验证: type=dlc (API名称: Not For Broadcast: Live & Spooky)

序号=369 | appid= 2099930 | 飞越13号房 - 下：反击篇
  原因: API验证: type=dlc (API名称: Breakout 13 : Fight)

序号=378 | appid= 1937520 | 神都不良探 Underdog Detective-第6至17回
  原因: API验证: type=dlc (API名称: Underdog Detective-Episode 6 to 17)

序号=383 | appid= 1839730 | 春逝百年抄 The Centennial Case: A Shijima Story（体验版）
  原因: 名称匹配: 体验版 (名称: 春逝百年抄 The Centennial Case: A Shijima Story（体验版）)

序号=384 | appid= 1835020 | BornWild • Versus S1 - Prologue
  原因: 名称匹配: Prologue (名称: BornWild • Versus S1 - Prologue)

序号=467 | appid= 1201400 | Not For Broadcast: Prologue
  原因: 名称匹配: Prologue (名称: Not For Broadcast: Prologue)


总计移除: 65 条
保留: 468 条
